21-10-2024 10:57:50 [main] INFO  RepositoryConfigurationDelegate - Bootstrapping Spring Data JPA repositories in DEFAULT mode.
21-10-2024 10:57:51 [main] INFO  RepositoryConfigurationDelegate - Finished Spring Data repository scanning in 61 ms. Found 1 JPA repository interface.
21-10-2024 10:57:52 [main] INFO  SpringPersistenceUnitInfo - No LoadTimeWeaver setup: ignoring JPA class transformer
21-10-2024 10:57:53 [main] INFO  LocalContainerEntityManagerFactoryBean - Initialized JPA EntityManagerFactory for persistence unit 'default'
21-10-2024 10:57:55 [main] INFO  H2ConsoleAutoConfiguration - H2 console available at '/h2-console'. Database available at 'jdbc:h2:file:./data/booking'
21-10-2024 10:57:55 [SpringApplicationShutdownHook] INFO  LocalContainerEntityManagerFactoryBean - Closing JPA EntityManagerFactory for persistence unit 'default'
21-10-2024 10:59:41 [main] INFO  RepositoryConfigurationDelegate - Bootstrapping Spring Data JPA repositories in DEFAULT mode.
21-10-2024 10:59:41 [main] INFO  RepositoryConfigurationDelegate - Finished Spring Data repository scanning in 52 ms. Found 1 JPA repository interface.
21-10-2024 10:59:42 [main] INFO  TomcatWebServer - Tomcat initialized with port 8080 (http)
21-10-2024 10:59:42 [main] INFO  ServletWebServerApplicationContext - Root WebApplicationContext: initialization completed in 1478 ms
21-10-2024 10:59:42 [main] INFO  H2ConsoleAutoConfiguration - H2 console available at '/h2-console'. Database available at 'jdbc:h2:file:./data/booking'
21-10-2024 10:59:43 [main] INFO  SpringPersistenceUnitInfo - No LoadTimeWeaver setup: ignoring JPA class transformer
21-10-2024 10:59:44 [main] INFO  LocalContainerEntityManagerFactoryBean - Initialized JPA EntityManagerFactory for persistence unit 'default'
21-10-2024 10:59:44 [main] INFO  TomcatWebServer - Tomcat started on port 8080 (http) with context path '/'
21-10-2024 11:00:16 [http-nio-8080-exec-1] INFO  DispatcherServlet - Initializing Servlet 'dispatcherServlet'
21-10-2024 11:00:16 [http-nio-8080-exec-1] INFO  DispatcherServlet - Completed initialization in 1 ms
21-10-2024 11:27:36 [SpringApplicationShutdownHook] INFO  LocalContainerEntityManagerFactoryBean - Closing JPA EntityManagerFactory for persistence unit 'default'
21-10-2024 11:27:56 [main] INFO  RepositoryConfigurationDelegate - Bootstrapping Spring Data JPA repositories in DEFAULT mode.
21-10-2024 11:27:56 [main] INFO  RepositoryConfigurationDelegate - Finished Spring Data repository scanning in 64 ms. Found 1 JPA repository interface.
21-10-2024 11:27:57 [main] INFO  SpringPersistenceUnitInfo - No LoadTimeWeaver setup: ignoring JPA class transformer
21-10-2024 11:27:59 [main] INFO  LocalContainerEntityManagerFactoryBean - Initialized JPA EntityManagerFactory for persistence unit 'default'
21-10-2024 11:28:00 [main] INFO  H2ConsoleAutoConfiguration - H2 console available at '/h2-console'. Database available at 'jdbc:h2:file:./data/booking'
21-10-2024 11:28:01 [SpringApplicationShutdownHook] INFO  LocalContainerEntityManagerFactoryBean - Closing JPA EntityManagerFactory for persistence unit 'default'
21-10-2024 11:31:45 [main] INFO  RepositoryConfigurationDelegate - Bootstrapping Spring Data JPA repositories in DEFAULT mode.
21-10-2024 11:31:45 [main] INFO  RepositoryConfigurationDelegate - Finished Spring Data repository scanning in 59 ms. Found 1 JPA repository interface.
21-10-2024 11:31:46 [main] INFO  TomcatWebServer - Tomcat initialized with port 8080 (http)
21-10-2024 11:31:46 [main] INFO  ServletWebServerApplicationContext - Root WebApplicationContext: initialization completed in 2185 ms
21-10-2024 11:31:47 [main] INFO  H2ConsoleAutoConfiguration - H2 console available at '/h2-console'. Database available at 'jdbc:h2:file:./data/booking'
21-10-2024 11:31:47 [main] INFO  SpringPersistenceUnitInfo - No LoadTimeWeaver setup: ignoring JPA class transformer
21-10-2024 11:31:48 [main] INFO  LocalContainerEntityManagerFactoryBean - Initialized JPA EntityManagerFactory for persistence unit 'default'
21-10-2024 11:31:49 [main] INFO  TomcatWebServer - Tomcat started on port 8080 (http) with context path '/'
21-10-2024 11:34:32 [http-nio-8080-exec-1] INFO  DispatcherServlet - Initializing Servlet 'dispatcherServlet'
21-10-2024 11:34:32 [http-nio-8080-exec-1] INFO  DispatcherServlet - Completed initialization in 1 ms
21-10-2024 11:50:32 [http-nio-8080-exec-5] INFO  BookingController - Ingresso nel metodo getAllBookings
21-10-2024 11:50:33 [http-nio-8080-exec-5] WARN  BookingController - Nessuna prenotazione trovata.
21-10-2024 11:52:09 [SpringApplicationShutdownHook] INFO  LocalContainerEntityManagerFactoryBean - Closing JPA EntityManagerFactory for persistence unit 'default'
21-10-2024 11:52:24 [main] INFO  RepositoryConfigurationDelegate - Bootstrapping Spring Data JPA repositories in DEFAULT mode.
21-10-2024 11:52:24 [main] INFO  RepositoryConfigurationDelegate - Finished Spring Data repository scanning in 54 ms. Found 1 JPA repository interface.
21-10-2024 11:52:24 [main] INFO  TomcatWebServer - Tomcat initialized with port 8080 (http)
21-10-2024 11:52:24 [main] INFO  ServletWebServerApplicationContext - Root WebApplicationContext: initialization completed in 1441 ms
21-10-2024 11:52:25 [main] INFO  H2ConsoleAutoConfiguration - H2 console available at '/h2-console'. Database available at 'jdbc:h2:file:./data/booking'
21-10-2024 11:52:25 [main] INFO  SpringPersistenceUnitInfo - No LoadTimeWeaver setup: ignoring JPA class transformer
21-10-2024 11:52:26 [main] INFO  LocalContainerEntityManagerFactoryBean - Initialized JPA EntityManagerFactory for persistence unit 'default'
21-10-2024 11:52:27 [main] INFO  TomcatWebServer - Tomcat started on port 8080 (http) with context path '/'
21-10-2024 11:52:37 [http-nio-8080-exec-1] INFO  DispatcherServlet - Initializing Servlet 'dispatcherServlet'
21-10-2024 11:52:37 [http-nio-8080-exec-1] INFO  DispatcherServlet - Completed initialization in 1 ms
21-10-2024 12:32:00 [http-nio-8080-exec-1] INFO  BookingController - Ingresso nel metodo getBookingById per l'id: 1
21-10-2024 12:32:00 [http-nio-8080-exec-1] ERROR BookingController - Prenotazione non trovata per id: 1
21-10-2024 12:32:15 [http-nio-8080-exec-6] WARN  DefaultHandlerExceptionResolver - Resolved [org.springframework.web.method.annotation.MethodArgumentTypeMismatchException: Failed to convert value of type 'java.lang.String' to required type 'java.lang.Integer'; For input string: "getBookingById"]
21-10-2024 12:32:27 [http-nio-8080-exec-7] INFO  BookingController - Ingresso nel metodo createBooking
21-10-2024 12:32:55 [http-nio-8080-exec-10] INFO  BookingController - Ingresso nel metodo createBooking
21-10-2024 12:32:55 [http-nio-8080-exec-10] INFO  BookingController - Prenotazione creata con id: 0
21-10-2024 12:32:55 [http-nio-8080-exec-10] INFO  BookingController - Uscita dal metodo createBooking con risultato: class BookingDTO {
    id: 0
    guestName: string
    roomNumber: 0
    checkInDate: 2024-10-11
    checkOutDate: 2024-10-13
    totalPrice: 0.0
}
21-10-2024 12:33:01 [http-nio-8080-exec-1] INFO  BookingController - Ingresso nel metodo getBookingById per l'id: 1
21-10-2024 12:33:01 [http-nio-8080-exec-1] INFO  BookingController - Uscita dal metodo getBookingById con risultato: class BookingDTO {
    id: 1
    guestName: string
    roomNumber: 0
    checkInDate: 2024-10-11
    checkOutDate: 2024-10-13
    totalPrice: 0.0
}
21-10-2024 12:33:41 [http-nio-8080-exec-4] INFO  BookingController - Ingresso nel metodo getBookingById per l'id: 1
21-10-2024 12:33:41 [http-nio-8080-exec-4] INFO  BookingController - Uscita dal metodo getBookingById con risultato: class BookingDTO {
    id: 1
    guestName: string
    roomNumber: 0
    checkInDate: 2024-10-11
    checkOutDate: 2024-10-13
    totalPrice: 0.0
}
21-10-2024 12:35:35 [http-nio-8080-exec-1] INFO  BookingController - Ingresso nel metodo createBooking
21-10-2024 12:35:35 [http-nio-8080-exec-1] INFO  BookingController - Prenotazione creata con id: 0
21-10-2024 12:35:35 [http-nio-8080-exec-1] INFO  BookingController - Uscita dal metodo createBooking con risultato: class BookingDTO {
    id: 0
    guestName: t
    roomNumber: 1
    checkInDate: 2024-06-30
    checkOutDate: 2024-07-15
    totalPrice: 123.0
}
21-10-2024 12:35:49 [http-nio-8080-exec-6] INFO  BookingController - Ingresso nel metodo getAllBookings
21-10-2024 12:35:49 [http-nio-8080-exec-6] INFO  BookingController - Trovate 2 prenotazioni.
21-10-2024 12:35:49 [http-nio-8080-exec-6] INFO  BookingController - Uscita dal metodo getAllBookings con 2 prenotazioni
21-10-2024 12:36:13 [http-nio-8080-exec-8] INFO  BookingController - Ingresso nel metodo createBooking
21-10-2024 12:36:13 [http-nio-8080-exec-8] INFO  BookingController - Prenotazione creata con id: 0
21-10-2024 12:36:13 [http-nio-8080-exec-8] INFO  BookingController - Uscita dal metodo createBooking con risultato: class BookingDTO {
    id: 0
    guestName: Pierluigi
    roomNumber: 15
    checkInDate: 2024-10-21
    checkOutDate: 2024-10-22
    totalPrice: 1.02312312E8
}
21-10-2024 12:36:34 [http-nio-8080-exec-7] INFO  BookingController - Ingresso nel metodo createBooking
21-10-2024 12:36:34 [http-nio-8080-exec-7] INFO  BookingController - Prenotazione creata con id: 0
21-10-2024 12:36:34 [http-nio-8080-exec-7] INFO  BookingController - Uscita dal metodo createBooking con risultato: class BookingDTO {
    id: 0
    guestName: Pierluigi
    roomNumber: 5
    checkInDate: 2024-10-21
    checkOutDate: 2024-10-22
    totalPrice: 123.0
}
21-10-2024 12:36:45 [http-nio-8080-exec-10] INFO  BookingController - Ingresso nel metodo getAllBookings
21-10-2024 12:36:45 [http-nio-8080-exec-10] INFO  BookingController - Trovate 4 prenotazioni.
21-10-2024 12:36:45 [http-nio-8080-exec-10] INFO  BookingController - Uscita dal metodo getAllBookings con 4 prenotazioni
