21-10-2024 10:57:49 [main] INFO  ApplicationTests - Starting ApplicationTests using Java 17.0.12 with PID 19144 (started by Studente in C:\Users\Studente\EserciziJava\JavaSpringExercises\ApuliaDigital-FilippoAprile\springboot.esercizio2.filippo-aprile)
21-10-2024 10:57:49 [main] INFO  ApplicationTests - No active profile set, falling back to 1 default profile: "default"
21-10-2024 10:57:51 [main] INFO  LogHelper - HHH000204: Processing PersistenceUnitInfo [name: default]
21-10-2024 10:57:51 [main] INFO  Version - HHH000412: Hibernate ORM core version 6.5.3.Final
21-10-2024 10:57:51 [main] INFO  RegionFactoryInitiator - HHH000026: Second-level cache disabled
21-10-2024 10:57:52 [main] INFO  HikariDataSource - HikariPool-1 - Starting...
21-10-2024 10:57:52 [main] INFO  HikariPool - HikariPool-1 - Added connection conn0: url=jdbc:h2:file:./data/booking user=SA
21-10-2024 10:57:52 [main] INFO  HikariDataSource - HikariPool-1 - Start completed.
21-10-2024 10:57:52 [main] WARN  deprecation - HHH90000025: H2Dialect does not need to be specified explicitly using 'hibernate.dialect' (remove the property setting and it will be selected by default)
21-10-2024 10:57:53 [main] INFO  JtaPlatformInitiator - HHH000489: No JTA platform available (set 'hibernate.transaction.jta.platform' to enable JTA platform integration)
21-10-2024 10:57:55 [main] INFO  ApplicationTests - Started ApplicationTests in 5.879 seconds (process running for 7.211)
21-10-2024 10:57:55 [SpringApplicationShutdownHook] INFO  HikariDataSource - HikariPool-1 - Shutdown initiated...
21-10-2024 10:57:55 [SpringApplicationShutdownHook] INFO  HikariDataSource - HikariPool-1 - Shutdown completed.
21-10-2024 10:59:40 [main] INFO  Application - Starting Application using Java 17.0.12 with PID 11820 (C:\Users\Studente\EserciziJava\JavaSpringExercises\ApuliaDigital-FilippoAprile\springboot.esercizio2.filippo-aprile\target\classes started by Studente in C:\Users\Studente\EserciziJava\JavaSpringExercises\ApuliaDigital-FilippoAprile\springboot.esercizio2.filippo-aprile)
21-10-2024 10:59:40 [main] INFO  Application - No active profile set, falling back to 1 default profile: "default"
21-10-2024 10:59:42 [main] INFO  Http11NioProtocol - Initializing ProtocolHandler ["http-nio-8080"]
21-10-2024 10:59:42 [main] INFO  StandardService - Starting service [Tomcat]
21-10-2024 10:59:42 [main] INFO  StandardEngine - Starting Servlet engine: [Apache Tomcat/10.1.30]
21-10-2024 10:59:42 [main] INFO  [/] - Initializing Spring embedded WebApplicationContext
21-10-2024 10:59:42 [main] INFO  HikariDataSource - HikariPool-1 - Starting...
21-10-2024 10:59:42 [main] INFO  HikariPool - HikariPool-1 - Added connection conn0: url=jdbc:h2:file:./data/booking user=SA
21-10-2024 10:59:42 [main] INFO  HikariDataSource - HikariPool-1 - Start completed.
21-10-2024 10:59:42 [main] INFO  LogHelper - HHH000204: Processing PersistenceUnitInfo [name: default]
21-10-2024 10:59:42 [main] INFO  Version - HHH000412: Hibernate ORM core version 6.5.3.Final
21-10-2024 10:59:42 [main] INFO  RegionFactoryInitiator - HHH000026: Second-level cache disabled
21-10-2024 10:59:43 [main] WARN  deprecation - HHH90000025: H2Dialect does not need to be specified explicitly using 'hibernate.dialect' (remove the property setting and it will be selected by default)
21-10-2024 10:59:43 [main] INFO  JtaPlatformInitiator - HHH000489: No JTA platform available (set 'hibernate.transaction.jta.platform' to enable JTA platform integration)
21-10-2024 10:59:44 [main] INFO  Http11NioProtocol - Starting ProtocolHandler ["http-nio-8080"]
21-10-2024 10:59:44 [main] INFO  Application - Started Application in 4.606 seconds (process running for 4.955)
21-10-2024 11:00:16 [http-nio-8080-exec-1] INFO  [/] - Initializing Spring DispatcherServlet 'dispatcherServlet'
21-10-2024 11:00:16 [http-nio-8080-exec-8] INFO  AbstractOpenApiResource - Init duration for springdoc-openapi is: 275 ms
21-10-2024 11:25:00 [HikariPool-1 housekeeper] WARN  HikariPool - HikariPool-1 - Thread starvation or clock leap detected (housekeeper delta=24m17s359ms255µs).
21-10-2024 11:27:36 [SpringApplicationShutdownHook] INFO  HikariDataSource - HikariPool-1 - Shutdown initiated...
21-10-2024 11:27:36 [SpringApplicationShutdownHook] INFO  HikariDataSource - HikariPool-1 - Shutdown completed.
21-10-2024 11:27:55 [main] INFO  ApplicationTests - Starting ApplicationTests using Java 17.0.12 with PID 2788 (started by Studente in C:\Users\Studente\EserciziJava\JavaSpringExercises\ApuliaDigital-FilippoAprile\springboot.esercizio2.filippo-aprile)
21-10-2024 11:27:55 [main] INFO  ApplicationTests - No active profile set, falling back to 1 default profile: "default"
21-10-2024 11:27:56 [main] INFO  LogHelper - HHH000204: Processing PersistenceUnitInfo [name: default]
21-10-2024 11:27:57 [main] INFO  Version - HHH000412: Hibernate ORM core version 6.5.3.Final
21-10-2024 11:27:57 [main] INFO  RegionFactoryInitiator - HHH000026: Second-level cache disabled
21-10-2024 11:27:57 [main] INFO  HikariDataSource - HikariPool-1 - Starting...
21-10-2024 11:27:58 [main] INFO  HikariPool - HikariPool-1 - Added connection conn0: url=jdbc:h2:file:./data/booking user=SA
21-10-2024 11:27:58 [main] INFO  HikariDataSource - HikariPool-1 - Start completed.
21-10-2024 11:27:58 [main] WARN  deprecation - HHH90000025: H2Dialect does not need to be specified explicitly using 'hibernate.dialect' (remove the property setting and it will be selected by default)
21-10-2024 11:27:59 [main] INFO  JtaPlatformInitiator - HHH000489: No JTA platform available (set 'hibernate.transaction.jta.platform' to enable JTA platform integration)
21-10-2024 11:28:00 [main] INFO  ApplicationTests - Started ApplicationTests in 5.792 seconds (process running for 6.972)
21-10-2024 11:28:01 [SpringApplicationShutdownHook] INFO  HikariDataSource - HikariPool-1 - Shutdown initiated...
21-10-2024 11:28:01 [SpringApplicationShutdownHook] INFO  HikariDataSource - HikariPool-1 - Shutdown completed.
21-10-2024 11:31:44 [main] INFO  Application - Starting Application using Java 17.0.12 with PID 2304 (C:\Users\Studente\EserciziJava\JavaSpringExercises\ApuliaDigital-FilippoAprile\springboot.esercizio2.filippo-aprile\target\classes started by Studente in C:\Users\Studente\EserciziJava\JavaSpringExercises\ApuliaDigital-FilippoAprile\springboot.esercizio2.filippo-aprile)
21-10-2024 11:31:44 [main] INFO  Application - No active profile set, falling back to 1 default profile: "default"
21-10-2024 11:31:46 [main] INFO  Http11NioProtocol - Initializing ProtocolHandler ["http-nio-8080"]
21-10-2024 11:31:46 [main] INFO  StandardService - Starting service [Tomcat]
21-10-2024 11:31:46 [main] INFO  StandardEngine - Starting Servlet engine: [Apache Tomcat/10.1.30]
21-10-2024 11:31:46 [main] INFO  [/] - Initializing Spring embedded WebApplicationContext
21-10-2024 11:31:46 [main] INFO  HikariDataSource - HikariPool-1 - Starting...
21-10-2024 11:31:47 [main] INFO  HikariPool - HikariPool-1 - Added connection conn0: url=jdbc:h2:file:./data/booking user=SA
21-10-2024 11:31:47 [main] INFO  HikariDataSource - HikariPool-1 - Start completed.
21-10-2024 11:31:47 [main] INFO  LogHelper - HHH000204: Processing PersistenceUnitInfo [name: default]
21-10-2024 11:31:47 [main] INFO  Version - HHH000412: Hibernate ORM core version 6.5.3.Final
21-10-2024 11:31:47 [main] INFO  RegionFactoryInitiator - HHH000026: Second-level cache disabled
21-10-2024 11:31:47 [main] WARN  deprecation - HHH90000025: H2Dialect does not need to be specified explicitly using 'hibernate.dialect' (remove the property setting and it will be selected by default)
21-10-2024 11:31:48 [main] INFO  JtaPlatformInitiator - HHH000489: No JTA platform available (set 'hibernate.transaction.jta.platform' to enable JTA platform integration)
21-10-2024 11:31:49 [main] INFO  Http11NioProtocol - Starting ProtocolHandler ["http-nio-8080"]
21-10-2024 11:31:49 [main] INFO  Application - Started Application in 6.321 seconds (process running for 7.169)
21-10-2024 11:34:32 [http-nio-8080-exec-1] INFO  [/] - Initializing Spring DispatcherServlet 'dispatcherServlet'
21-10-2024 11:34:39 [http-nio-8080-exec-4] INFO  AbstractOpenApiResource - Init duration for springdoc-openapi is: 276 ms
21-10-2024 11:50:32 [http-nio-8080-exec-5] INFO  BookingController - Ingresso nel metodo getAllBookings
21-10-2024 11:50:33 [http-nio-8080-exec-5] WARN  BookingController - Nessuna prenotazione trovata.
21-10-2024 11:52:09 [SpringApplicationShutdownHook] INFO  HikariDataSource - HikariPool-1 - Shutdown initiated...
21-10-2024 11:52:09 [SpringApplicationShutdownHook] INFO  HikariDataSource - HikariPool-1 - Shutdown completed.
21-10-2024 11:52:23 [main] INFO  Application - Starting Application using Java 17.0.12 with PID 1516 (C:\Users\Studente\EserciziJava\JavaSpringExercises\ApuliaDigital-FilippoAprile\springboot.esercizio2.filippo-aprile\target\classes started by Studente in C:\Users\Studente\EserciziJava\JavaSpringExercises\ApuliaDigital-FilippoAprile\springboot.esercizio2.filippo-aprile)
21-10-2024 11:52:23 [main] INFO  Application - No active profile set, falling back to 1 default profile: "default"
21-10-2024 11:52:24 [main] INFO  Http11NioProtocol - Initializing ProtocolHandler ["http-nio-8080"]
21-10-2024 11:52:24 [main] INFO  StandardService - Starting service [Tomcat]
21-10-2024 11:52:24 [main] INFO  StandardEngine - Starting Servlet engine: [Apache Tomcat/10.1.30]
21-10-2024 11:52:24 [main] INFO  [/] - Initializing Spring embedded WebApplicationContext
21-10-2024 11:52:24 [main] INFO  HikariDataSource - HikariPool-1 - Starting...
21-10-2024 11:52:25 [main] INFO  HikariPool - HikariPool-1 - Added connection conn0: url=jdbc:h2:file:./data/booking user=SA
21-10-2024 11:52:25 [main] INFO  HikariDataSource - HikariPool-1 - Start completed.
21-10-2024 11:52:25 [main] INFO  LogHelper - HHH000204: Processing PersistenceUnitInfo [name: default]
21-10-2024 11:52:25 [main] INFO  Version - HHH000412: Hibernate ORM core version 6.5.3.Final
21-10-2024 11:52:25 [main] INFO  RegionFactoryInitiator - HHH000026: Second-level cache disabled
21-10-2024 11:52:25 [main] WARN  deprecation - HHH90000025: H2Dialect does not need to be specified explicitly using 'hibernate.dialect' (remove the property setting and it will be selected by default)
21-10-2024 11:52:26 [main] INFO  JtaPlatformInitiator - HHH000489: No JTA platform available (set 'hibernate.transaction.jta.platform' to enable JTA platform integration)
21-10-2024 11:52:27 [main] INFO  Http11NioProtocol - Starting ProtocolHandler ["http-nio-8080"]
21-10-2024 11:52:27 [main] INFO  Application - Started Application in 4.785 seconds (process running for 5.778)
21-10-2024 11:52:37 [http-nio-8080-exec-1] INFO  [/] - Initializing Spring DispatcherServlet 'dispatcherServlet'
21-10-2024 12:32:00 [http-nio-8080-exec-1] INFO  BookingController - Ingresso nel metodo getBookingById per l'id: 1
21-10-2024 12:32:00 [http-nio-8080-exec-1] ERROR BookingController - Prenotazione non trovata per id: 1
21-10-2024 12:32:10 [http-nio-8080-exec-5] INFO  AbstractOpenApiResource - Init duration for springdoc-openapi is: 249 ms
21-10-2024 12:32:27 [http-nio-8080-exec-7] INFO  BookingController - Ingresso nel metodo createBooking
21-10-2024 12:32:55 [http-nio-8080-exec-10] INFO  BookingController - Ingresso nel metodo createBooking
21-10-2024 12:32:55 [http-nio-8080-exec-10] INFO  BookingController - Prenotazione creata con id: 0
21-10-2024 12:32:55 [http-nio-8080-exec-10] INFO  BookingController - Uscita dal metodo createBooking con risultato: class BookingDTO {
    id: 0
    guestName: string
    roomNumber: 0
    checkInDate: 2024-10-11
    checkOutDate: 2024-10-13
    totalPrice: 0.0
}
21-10-2024 12:33:01 [http-nio-8080-exec-1] INFO  BookingController - Ingresso nel metodo getBookingById per l'id: 1
21-10-2024 12:33:01 [http-nio-8080-exec-1] INFO  BookingController - Uscita dal metodo getBookingById con risultato: class BookingDTO {
    id: 1
    guestName: string
    roomNumber: 0
    checkInDate: 2024-10-11
    checkOutDate: 2024-10-13
    totalPrice: 0.0
}
21-10-2024 12:33:41 [http-nio-8080-exec-4] INFO  BookingController - Ingresso nel metodo getBookingById per l'id: 1
21-10-2024 12:33:41 [http-nio-8080-exec-4] INFO  BookingController - Uscita dal metodo getBookingById con risultato: class BookingDTO {
    id: 1
    guestName: string
    roomNumber: 0
    checkInDate: 2024-10-11
    checkOutDate: 2024-10-13
    totalPrice: 0.0
}
21-10-2024 12:35:35 [http-nio-8080-exec-1] INFO  BookingController - Ingresso nel metodo createBooking
21-10-2024 12:35:35 [http-nio-8080-exec-1] INFO  BookingController - Prenotazione creata con id: 0
21-10-2024 12:35:35 [http-nio-8080-exec-1] INFO  BookingController - Uscita dal metodo createBooking con risultato: class BookingDTO {
    id: 0
    guestName: t
    roomNumber: 1
    checkInDate: 2024-06-30
    checkOutDate: 2024-07-15
    totalPrice: 123.0
}
21-10-2024 12:35:49 [http-nio-8080-exec-6] INFO  BookingController - Ingresso nel metodo getAllBookings
21-10-2024 12:35:49 [http-nio-8080-exec-6] INFO  BookingController - Trovate 2 prenotazioni.
21-10-2024 12:35:49 [http-nio-8080-exec-6] INFO  BookingController - Uscita dal metodo getAllBookings con 2 prenotazioni
21-10-2024 12:36:13 [http-nio-8080-exec-8] INFO  BookingController - Ingresso nel metodo createBooking
21-10-2024 12:36:13 [http-nio-8080-exec-8] INFO  BookingController - Prenotazione creata con id: 0
21-10-2024 12:36:13 [http-nio-8080-exec-8] INFO  BookingController - Uscita dal metodo createBooking con risultato: class BookingDTO {
    id: 0
    guestName: Pierluigi
    roomNumber: 15
    checkInDate: 2024-10-21
    checkOutDate: 2024-10-22
    totalPrice: 1.02312312E8
}
21-10-2024 12:36:34 [http-nio-8080-exec-7] INFO  BookingController - Ingresso nel metodo createBooking
21-10-2024 12:36:34 [http-nio-8080-exec-7] INFO  BookingController - Prenotazione creata con id: 0
21-10-2024 12:36:34 [http-nio-8080-exec-7] INFO  BookingController - Uscita dal metodo createBooking con risultato: class BookingDTO {
    id: 0
    guestName: Pierluigi
    roomNumber: 5
    checkInDate: 2024-10-21
    checkOutDate: 2024-10-22
    totalPrice: 123.0
}
21-10-2024 12:36:45 [http-nio-8080-exec-10] INFO  BookingController - Ingresso nel metodo getAllBookings
21-10-2024 12:36:45 [http-nio-8080-exec-10] INFO  BookingController - Trovate 4 prenotazioni.
21-10-2024 12:36:45 [http-nio-8080-exec-10] INFO  BookingController - Uscita dal metodo getAllBookings con 4 prenotazioni
21-10-2024 13:17:26 [HikariPool-1 housekeeper] WARN  HikariPool - HikariPool-1 - Thread starvation or clock leap detected (housekeeper delta=38m29s958ms338µs600ns).
