21-10-2024 11:50:32 [http-nio-8080-exec-5] INFO  BookingController - Ingresso nel metodo getAllBookings
21-10-2024 11:50:33 [http-nio-8080-exec-5] WARN  BookingController - Nessuna prenotazione trovata.
21-10-2024 12:32:00 [http-nio-8080-exec-1] INFO  BookingController - Ingresso nel metodo getBookingById per l'id: 1
21-10-2024 12:32:00 [http-nio-8080-exec-1] ERROR BookingController - Prenotazione non trovata per id: 1
21-10-2024 12:32:27 [http-nio-8080-exec-7] INFO  BookingController - Ingresso nel metodo createBooking
21-10-2024 12:32:55 [http-nio-8080-exec-10] INFO  BookingController - Ingresso nel metodo createBooking
21-10-2024 12:32:55 [http-nio-8080-exec-10] INFO  BookingController - Prenotazione creata con id: 0
21-10-2024 12:32:55 [http-nio-8080-exec-10] INFO  BookingController - Uscita dal metodo createBooking con risultato: class BookingDTO {
    id: 0
    guestName: string
    roomNumber: 0
    checkInDate: 2024-10-11
    checkOutDate: 2024-10-13
    totalPrice: 0.0
}
21-10-2024 12:33:01 [http-nio-8080-exec-1] INFO  BookingController - Ingresso nel metodo getBookingById per l'id: 1
21-10-2024 12:33:01 [http-nio-8080-exec-1] INFO  BookingController - Uscita dal metodo getBookingById con risultato: class BookingDTO {
    id: 1
    guestName: string
    roomNumber: 0
    checkInDate: 2024-10-11
    checkOutDate: 2024-10-13
    totalPrice: 0.0
}
21-10-2024 12:33:41 [http-nio-8080-exec-4] INFO  BookingController - Ingresso nel metodo getBookingById per l'id: 1
21-10-2024 12:33:41 [http-nio-8080-exec-4] INFO  BookingController - Uscita dal metodo getBookingById con risultato: class BookingDTO {
    id: 1
    guestName: string
    roomNumber: 0
    checkInDate: 2024-10-11
    checkOutDate: 2024-10-13
    totalPrice: 0.0
}
21-10-2024 12:35:35 [http-nio-8080-exec-1] INFO  BookingController - Ingresso nel metodo createBooking
21-10-2024 12:35:35 [http-nio-8080-exec-1] INFO  BookingController - Prenotazione creata con id: 0
21-10-2024 12:35:35 [http-nio-8080-exec-1] INFO  BookingController - Uscita dal metodo createBooking con risultato: class BookingDTO {
    id: 0
    guestName: t
    roomNumber: 1
    checkInDate: 2024-06-30
    checkOutDate: 2024-07-15
    totalPrice: 123.0
}
21-10-2024 12:35:49 [http-nio-8080-exec-6] INFO  BookingController - Ingresso nel metodo getAllBookings
21-10-2024 12:35:49 [http-nio-8080-exec-6] INFO  BookingController - Trovate 2 prenotazioni.
21-10-2024 12:35:49 [http-nio-8080-exec-6] INFO  BookingController - Uscita dal metodo getAllBookings con 2 prenotazioni
21-10-2024 12:36:13 [http-nio-8080-exec-8] INFO  BookingController - Ingresso nel metodo createBooking
21-10-2024 12:36:13 [http-nio-8080-exec-8] INFO  BookingController - Prenotazione creata con id: 0
21-10-2024 12:36:13 [http-nio-8080-exec-8] INFO  BookingController - Uscita dal metodo createBooking con risultato: class BookingDTO {
    id: 0
    guestName: Pierluigi
    roomNumber: 15
    checkInDate: 2024-10-21
    checkOutDate: 2024-10-22
    totalPrice: 1.02312312E8
}
21-10-2024 12:36:34 [http-nio-8080-exec-7] INFO  BookingController - Ingresso nel metodo createBooking
21-10-2024 12:36:34 [http-nio-8080-exec-7] INFO  BookingController - Prenotazione creata con id: 0
21-10-2024 12:36:34 [http-nio-8080-exec-7] INFO  BookingController - Uscita dal metodo createBooking con risultato: class BookingDTO {
    id: 0
    guestName: Pierluigi
    roomNumber: 5
    checkInDate: 2024-10-21
    checkOutDate: 2024-10-22
    totalPrice: 123.0
}
21-10-2024 12:36:45 [http-nio-8080-exec-10] INFO  BookingController - Ingresso nel metodo getAllBookings
21-10-2024 12:36:45 [http-nio-8080-exec-10] INFO  BookingController - Trovate 4 prenotazioni.
21-10-2024 12:36:45 [http-nio-8080-exec-10] INFO  BookingController - Uscita dal metodo getAllBookings con 4 prenotazioni
